
> frontend@0.0.0 build
> vite build

[36mvite v8.0.0-beta.16 [32mbuilding client environment for production...[36m[39m
[2K
transforming...✓ 2791 modules transformed.
node.exe : [31m✗[39m Build failed in 983ms
At line:1 char:1
+ & "C:\Program Files\nodejs/node.exe" "C:\Program 
Files\nodejs/node_mo ...
+ ~~~~~~~~~~~~~~~~~~~~~~~~~~~~~~~~~~~~~~~~~~~~~~~~~~~~~~~
~~~~~~~~~~~~~~
    + CategoryInfo          : NotSpecified: ([31m✗[39m 
    Build failed in 983ms:String) [], RemoteException
    + FullyQualifiedErrorId : NativeCommandError
 
[31merror during build:
[31mBuild failed with 39 errors:

[31m[UNRESOLVED_IMPORT] Error:[0m Could not resolve 
'../api/axios' in src/pages/dashboard/ReportsPage.jsx
   [38;5;246m╭[0m[38;5;246m─[0m[38;5;246m[[0m 
src/pages/dashboard/ReportsPage.jsx:6:17 [38;5;246m][0m
   [38;5;246m│[0m
 [38;5;246m6 │[0m [38;5;249mi[0m[38;5;249mm[0m[38;
5;249mp[0m[38;5;249mo[0m[38;5;249mr[0m[38;5;249mt[
0m[38;5;249m [0m[38;5;249ma[0m[38;5;249mp[0m[38;5;
249mi[0m[38;5;249m [0m[38;5;249mf[0m[38;5;249mr[0m
[38;5;249mo[0m[38;5;249mm[0m[38;5;249m 
[0m"../api/axios"[38;5;249m;[0m
 [38;5;240m  │[0m                 ───────┬──────  
 [38;5;240m  │[0m                        ╰──────── 
Module not found.
 [38;5;240m  │[0m 
 [38;5;240m  │[0m [38;5;115mHelp[0m: 
'src/pages/dashboard/ReportsPage.jsx' is imported by the 
following path:
 [38;5;240m  │[0m         - 
src/pages/dashboard/ReportsPage.jsx
 [38;5;240m  │[0m         - src/pages/Dashboard.jsx
 [38;5;240m  │[0m         - src/App.jsx
 [38;5;240m  │[0m         - src/main.jsx
 [38;5;240m  │[0m         - index.html
[38;5;246m───╯[0m

[31m[UNRESOLVED_IMPORT] Error:[0m Could not resolve 
'../context/ThemeContext' in 
src/pages/dashboard/ReportsPage.jsx
   [38;5;246m╭[0m[38;5;246m─[0m[38;5;246m[[0m 
src/pages/dashboard/ReportsPage.jsx:8:26 [38;5;246m][0m
   [38;5;246m│[0m
 [38;5;246m8 │[0m [38;5;249mi[0m[38;5;249mm[0m[38;
5;249mp[0m[38;5;249mo[0m[38;5;249mr[0m[38;5;249mt[
0m[38;5;249m [0m[38;5;249m{[0m[38;5;249m [0m[38;5;
249mu[0m[38;5;249ms[0m[38;5;249me[0m[38;5;249mT[0m
[38;5;249mh[0m[38;5;249me[0m[38;5;249mm[0m[38;5;24
9me[0m[38;5;249m [0m[38;5;249m}[0m[38;5;249m [0m[
38;5;249mf[0m[38;5;249mr[0m[38;5;249mo[0m[38;5;249m
m[0m[38;5;249m 
[0m"../context/ThemeContext"[38;5;249m;[0m
 [38;5;240m  │[0m                          
────────────┬────────────  
 [38;5;240m  │[0m                                      
╰────────────── Module not found.
 [38;5;240m  │[0m 
 [38;5;240m  │[0m [38;5;115mHelp[0m: 
'src/pages/dashboard/ReportsPage.jsx' is imported by the 
following path:
 [38;5;240m  │[0m         - 
src/pages/dashboard/ReportsPage.jsx
 [38;5;240m  │[0m         - src/pages/Dashboard.jsx
 [38;5;240m  │[0m         - src/App.jsx
 [38;5;240m  │[0m         - src/main.jsx
 [38;5;240m  │[0m         - index.html
[38;5;246m───╯[0m

[31m[UNRESOLVED_IMPORT] Error:[0m Could not resolve 
'../i18n/index.js' in src/pages/dashboard/ReportsPage.jsx
    [38;5;246m╭[0m[38;5;246m─[0m[38;5;246m[[0m 
src/pages/dashboard/ReportsPage.jsx:10:27 
[38;5;246m][0m
    [38;5;246m│[0m
 [38;5;246m10 │[0m [38;5;249mi[0m[38;5;249mm[0m[38
;5;249mp[0m[38;5;249mo[0m[38;5;249mr[0m[38;5;249mt
[0m[38;5;249m [0m[38;5;249m{[0m[38;5;249m [0m[38;5
;249mL[0m[38;5;249mA[0m[38;5;249mN[0m[38;5;249mG[0
m[38;5;249mU[0m[38;5;249mA[0m[38;5;249mG[0m[38;5;2
49mE[0m[38;5;249mS[0m[38;5;249m 
[0m[38;5;249m}[0m[38;5;249m [0m[38;5;249mf[0m[38;
5;249mr[0m[38;5;249mo[0m[38;5;249mm[0m[38;5;249m 
[0m"../i18n/index.js"[38;5;249m;[0m
 [38;5;240m   │[0m                           
─────────┬────────  
 [38;5;240m   │[0m                                    
╰────────── Module not found.
 [38;5;240m   │[0m 
 [38;5;240m   │[0m [38;5;115mHelp[0m: 
'src/pages/dashboard/ReportsPage.jsx' is imported by the 
following path:
 [38;5;240m   │[0m         - 
src/pages/dashboard/ReportsPage.jsx
 [38;5;240m   │[0m         - src/pages/Dashboard.jsx
 [38;5;240m   │[0m         - src/App.jsx
 [38;5;240m   │[0m         - src/main.jsx
 [38;5;240m   │[0m         - index.html
[38;5;246m────╯[0m

[31m[UNRESOLVED_IMPORT] Error:[0m Could not resolve 
'../api/axios' in src/pages/dashboard/SettingsPage.jsx
   [38;5;246m╭[0m[38;5;246m─[0m[38;5;246m[[0m 
src/pages/dashboard/SettingsPage.jsx:6:17 
[38;5;246m][0m
   [38;5;246m│[0m
 [38;5;246m6 │[0m [38;5;249mi[0m[38;5;249mm[0m[38;
5;249mp[0m[38;5;249mo[0m[38;5;249mr[0m[38;5;249mt[
0m[38;5;249m [0m[38;5;249ma[0m[38;5;249mp[0m[38;5;
249mi[0m[38;5;249m [0m[38;5;249mf[0m[38;5;249mr[0m
[38;5;249mo[0m[38;5;249mm[0m[38;5;249m 
[0m"../api/axios"[38;5;249m;[0m
 [38;5;240m  │[0m                 ───────┬──────  
 [38;5;240m  │[0m                        ╰──────── 
Module not found.
 [38;5;240m  │[0m 
 [38;5;240m  │[0m [38;5;115mHelp[0m: 
'src/pages/dashboard/SettingsPage.jsx' is imported by 
the following path:
 [38;5;240m  │[0m         - 
src/pages/dashboard/SettingsPage.jsx
 [38;5;240m  │[0m         - src/pages/Dashboard.jsx
 [38;5;240m  │[0m         - src/App.jsx
 [38;5;240m  │[0m         - src/main.jsx
 [38;5;240m  │[0m         - index.html
[38;5;246m───╯[0m

[31m[UNRESOLVED_IMPORT] Error:[0m Could not resolve 
'../context/ThemeContext' in 
src/pages/dashboard/SettingsPage.jsx
   [38;5;246m╭[0m[38;5;246m─[0m[38;5;246m[[0m 
src/pages/dashboard/SettingsPage.jsx:8:26 
[38;5;246m][0m
   [38;5;246m│[0m
 [38;5;246m8 │[0m [38;5;249mi[0m[38;5;249mm[0m[38;
5;249mp[0m[38;5;249mo[0m[38;5;249mr[0m[38;5;249mt[
0m[38;5;249m [0m[38;5;249m{[0m[38;5;249m [0m[38;5;
249mu[0m[38;5;249ms[0m[38;5;249me[0m[38;5;249mT[0m
[38;5;249mh[0m[38;5;249me[0m[38;5;249mm[0m[38;5;24
9me[0m[38;5;249m [0m[38;5;249m}[0m[38;5;249m [0m[
38;5;249mf[0m[38;5;249mr[0m[38;5;249mo[0m[38;5;249m
m[0m[38;5;249m 
[0m"../context/ThemeContext"[38;5;249m;[0m
 [38;5;240m  │[0m                          
────────────┬────────────  
 [38;5;240m  │[0m                                      
╰────────────── Module not found.
 [38;5;240m  │[0m 
 [38;5;240m  │[0m [38;5;115mHelp[0m: 
'src/pages/dashboard/SettingsPage.jsx' is imported by 
the following path:
 [38;5;240m  │[0m         - 
src/pages/dashboard/SettingsPage.jsx
 [38;5;240m  │[0m         - src/pages/Dashboard.jsx
 [38;5;240m  │[0m         - src/App.jsx
 [38;5;240m  │[0m         - src/main.jsx
 [38;5;240m  │[0m         - index.html
[38;5;246m───╯[0m

...[31m
    at aggregateBindingErrorsIntoJsError (file:///C:/User
s/Sam%20Devaraja/Desktop/hospitalmanagement/frontend/node
_modules/rolldown/dist/shared/error-BYPsvVEN.mjs:52:18)
    at unwrapBindingResult (file:///C:/Users/Sam%20Devara
ja/Desktop/hospitalmanagement/frontend/node_modules/rolld
own/dist/shared/error-BYPsvVEN.mjs:22:128)
    at #build (file:///C:/Users/Sam%20Devaraja/Desktop/ho
spitalmanagement/frontend/node_modules/rolldown/dist/shar
ed/rolldown-build-BsRSEDqH.mjs:3356:34)
    at async buildEnvironment (file:///C:/Users/Sam%20Dev
araja/Desktop/hospitalmanagement/frontend/node_modules/vi
te/dist/node/chunks/node.js:32703:64)
    at async Object.build (file:///C:/Users/Sam%20Devaraj
a/Desktop/hospitalmanagement/frontend/node_modules/vite/d
ist/node/chunks/node.js:33125:19)
    at async Object.buildApp (file:///C:/Users/Sam%20Deva
raja/Desktop/hospitalmanagement/frontend/node_modules/vit
e/dist/node/chunks/node.js:33122:153)
    at async CAC.<anonymous> (file:///C:/Users/Sam%20Deva
raja/Desktop/hospitalmanagement/frontend/node_modules/vit
e/dist/node/cli.js:642:3) {
  errors: [Getter/Setter]
}[39m
